2026-08-28 22:02:08,230 - __main__ - INFO - Loading raw data from C:\playlist\Data\dataset.csv...
2026-08-28 22:02:08,653 - __main__ - INFO - Raw data loaded with shape: (114000, 20)
2026-08-28 22:02:08,653 - __main__ - INFO - Generating synthetic skip behavior proxies...
2026-08-28 22:02:08,714 - __main__ - INFO - Generated skip proxies. Value counts for 'skipped':
skipped
0    0.793623
1    0.206377
Name: proportion, dtype: float64
2026-08-28 22:02:08,715 - __main__ - INFO - Value counts for 'skip_risk_category':
skip_risk_category
0    0.571158
1    0.378439
2    0.050404
Name: proportion, dtype: float64
2026-08-28 22:02:08,716 - __main__ - INFO - Generating EDA plots...
2026-08-28 22:02:12,339 - __main__ - INFO - EDA plots saved to static/images.
2026-08-28 22:02:12,431 - __main__ - INFO - Downsampling training data to 30000 records...
2026-08-28 22:02:12,804 - __main__ - INFO - Split data: Train=24000, Test=6000
2026-08-28 22:02:12,804 - __main__ - INFO - Fitting preprocessors on training data...
2026-08-28 22:02:12,818 - __main__ - INFO - Scaler fitted and saved.
2026-08-28 22:02:12,824 - __main__ - INFO - One-hot encoder fitted and saved.
2026-08-28 22:02:48,705 - __main__ - INFO - ==================================================
2026-08-28 22:02:48,705 - __main__ - INFO - STARTING COMPLETE PLAYLISTPULSE ML PIPELINE RUN
2026-08-28 22:02:48,705 - __main__ - INFO - ==================================================
2026-08-28 22:02:48,705 - src.data_preprocessing - INFO - Loading raw data from C:\playlist\Data\dataset.csv...
2026-08-28 22:02:49,461 - src.data_preprocessing - INFO - Raw data loaded with shape: (114000, 20)
2026-08-28 22:02:49,461 - src.data_preprocessing - INFO - Generating synthetic skip behavior proxies...
2026-08-28 22:02:49,567 - src.data_preprocessing - INFO - Generated skip proxies. Value counts for 'skipped':
skipped
0    0.793623
1    0.206377
Name: proportion, dtype: float64
2026-08-28 22:02:49,570 - src.data_preprocessing - INFO - Value counts for 'skip_risk_category':
skip_risk_category
0    0.571158
1    0.378439
2    0.050404
Name: proportion, dtype: float64
2026-08-28 22:02:49,571 - src.data_preprocessing - INFO - Generating EDA plots...
2026-08-28 22:02:55,425 - src.data_preprocessing - INFO - EDA plots saved to static/images.
2026-08-28 22:02:55,525 - src.data_preprocessing - INFO - Downsampling training data to 30000 records...
2026-08-28 22:02:55,693 - src.data_preprocessing - INFO - Split data: Train=24000, Test=6000
2026-08-28 22:02:55,694 - src.data_preprocessing - INFO - Fitting preprocessors on training data...
2026-08-28 22:02:55,712 - src.data_preprocessing - INFO - Scaler fitted and saved.
2026-08-28 22:02:55,718 - src.data_preprocessing - INFO - One-hot encoder fitted and saved.
2026-08-28 22:02:55,856 - src.train_regression - INFO - Starting Offline Regression Model Training...
2026-08-28 22:02:55,857 - src.train_regression - INFO - Training linear_regression...
2026-08-28 22:02:56,232 - src.train_regression - INFO - Model: linear_regression         | Train R2:  0.266, Test R2:  0.264 | Test RMSE: 19.173
2026-08-28 22:02:56,233 - src.train_regression - INFO - Training ridge...
2026-08-28 22:02:57,362 - src.train_regression - INFO - Model: ridge                     | Train R2:  0.266, Test R2:  0.264 | Test RMSE: 19.174
2026-08-28 22:02:57,362 - src.train_regression - INFO - Training lasso...
2026-08-28 22:02:57,629 - src.train_regression - INFO - Model: lasso                     | Train R2:  0.135, Test R2:  0.125 | Test RMSE: 20.899
2026-08-28 22:02:57,630 - src.train_regression - INFO - Training elastic_net...
2026-08-28 22:02:57,948 - src.train_regression - INFO - Model: elastic_net               | Train R2:  0.065, Test R2:  0.059 | Test RMSE: 21.673
2026-08-28 22:02:57,948 - src.train_regression - INFO - Training decision_tree...
2026-08-28 22:02:58,503 - src.train_regression - INFO - Model: decision_tree             | Train R2:  0.082, Test R2:  0.068 | Test RMSE: 21.564
2026-08-28 22:02:58,503 - src.train_regression - INFO - Training random_forest...
2026-08-28 22:03:01,470 - src.train_regression - INFO - Model: random_forest             | Train R2:  0.143, Test R2:  0.116 | Test RMSE: 21.011
2026-08-28 22:03:01,471 - src.train_regression - INFO - Training gradient_boosting...
2026-08-28 22:03:28,232 - src.train_regression - INFO - Model: gradient_boosting         | Train R2:  0.224, Test R2:  0.182 | Test RMSE: 20.209
2026-08-28 22:03:28,232 - src.train_regression - INFO - Training xgboost...
2026-08-28 22:03:30,833 - src.train_regression - INFO - Model: xgboost                   | Train R2:  0.218, Test R2:  0.180 | Test RMSE: 20.228
2026-08-28 22:03:30,833 - src.train_regression - INFO - Training lightgbm...
2026-08-28 22:03:30,971 - src.train_regression - INFO - Model: lightgbm                  | Train R2:  0.212, Test R2:  0.184 | Test RMSE: 20.188
2026-08-28 22:03:30,972 - src.train_regression - INFO - Best Regression Model: linear_regression with Test R2: 0.2636
2026-08-28 22:03:31,478 - src.train_regression - INFO - Feature importance plot saved.
2026-08-28 22:03:31,478 - src.train_regression - INFO - Running Feature Scaling Experiment...
2026-08-28 22:03:31,850 - src.train_regression - INFO - Model: Linear Regression (Unscaled) | Train R2:  0.040, Test R2:  0.036 | Test RMSE: 21.942
2026-08-28 22:03:32,222 - src.train_regression - INFO - Model: Linear Regression (Scaled) | Train R2:  0.266, Test R2:  0.264 | Test RMSE: 19.173
2026-08-28 22:03:32,817 - src.train_regression - INFO - Running L1/L2 Regularization Alpha Sweep...
2026-08-28 22:03:44,810 - src.train_regression - INFO - Running Decision Tree Depth Experiment...
2026-08-28 22:03:58,988 - src.train_classification - INFO - Starting Offline Classification Model Training...
2026-08-28 22:03:58,989 - src.train_classification - INFO - Training binary classifier: logistic_regression...
2026-08-28 22:03:59,305 - src.train_classification - INFO - Model: logistic_regression       | Test Acc:  0.927, F1:  0.822, ROC-AUC:  0.973
2026-08-28 22:03:59,308 - src.train_classification - INFO - Training binary classifier: decision_tree...
2026-08-28 22:03:59,742 - src.train_classification - INFO - Model: decision_tree             | Test Acc:  0.917, F1:  0.798, ROC-AUC:  0.954
2026-08-28 22:03:59,743 - src.train_classification - INFO - Training binary classifier: random_forest...
2026-08-28 22:04:00,395 - src.train_classification - INFO - Model: random_forest             | Test Acc:  0.917, F1:  0.777, ROC-AUC:  0.963
2026-08-28 22:04:00,397 - src.train_classification - INFO - Training binary classifier: gradient_boosting...
2026-08-28 22:04:24,082 - src.train_classification - INFO - Model: gradient_boosting         | Test Acc:  0.924, F1:  0.814, ROC-AUC:  0.971
2026-08-28 22:04:24,083 - src.train_classification - INFO - Training binary classifier: xgboost...
2026-08-28 22:04:24,341 - src.train_classification - INFO - Model: xgboost                   | Test Acc:  0.925, F1:  0.814, ROC-AUC:  0.971
2026-08-28 22:04:24,344 - src.train_classification - INFO - Training binary classifier: lightgbm...
2026-08-28 22:04:24,554 - src.train_classification - INFO - Model: lightgbm                  | Test Acc:  0.924, F1:  0.813, ROC-AUC:  0.971
2026-08-28 22:04:24,555 - src.train_classification - INFO - Best Binary Classification Model: logistic_regression with Test F1: 0.8224
2026-08-28 22:04:24,557 - src.train_classification - INFO - Training Multinomial Logistic Regression on 3-class Skip Risk Category...
2026-08-28 22:04:43,629 - __main__ - INFO - ==================================================
2026-08-28 22:04:43,629 - __main__ - INFO - STARTING COMPLETE PLAYLISTPULSE ML PIPELINE RUN
2026-08-28 22:04:43,629 - __main__ - INFO - ==================================================
2026-08-28 22:04:43,629 - src.data_preprocessing - INFO - Loading raw data from C:\playlist\Data\dataset.csv...
2026-08-28 22:04:44,164 - src.data_preprocessing - INFO - Raw data loaded with shape: (114000, 20)
2026-08-28 22:04:44,165 - src.data_preprocessing - INFO - Generating synthetic skip behavior proxies...
2026-08-28 22:04:44,223 - src.data_preprocessing - INFO - Generated skip proxies. Value counts for 'skipped':
skipped
0    0.793623
1    0.206377
Name: proportion, dtype: float64
2026-08-28 22:04:44,225 - src.data_preprocessing - INFO - Value counts for 'skip_risk_category':
skip_risk_category
0    0.571158
1    0.378439
2    0.050404
Name: proportion, dtype: float64
2026-08-28 22:04:44,225 - src.data_preprocessing - INFO - Generating EDA plots...
2026-08-28 22:04:48,228 - src.data_preprocessing - INFO - EDA plots saved to static/images.
2026-08-28 22:04:48,318 - src.data_preprocessing - INFO - Downsampling training data to 30000 records...
2026-08-28 22:04:48,456 - src.data_preprocessing - INFO - Split data: Train=24000, Test=6000
2026-08-28 22:04:48,457 - src.data_preprocessing - INFO - Fitting preprocessors on training data...
2026-08-28 22:04:48,477 - src.data_preprocessing - INFO - Scaler fitted and saved.
2026-08-28 22:04:48,484 - src.data_preprocessing - INFO - One-hot encoder fitted and saved.
2026-08-28 22:04:48,602 - src.train_regression - INFO - Starting Offline Regression Model Training...
2026-08-28 22:04:48,603 - src.train_regression - INFO - Training linear_regression...
2026-08-28 22:04:49,013 - src.train_regression - INFO - Model: linear_regression         | Train R2:  0.266, Test R2:  0.264 | Test RMSE: 19.173
2026-08-28 22:04:49,014 - src.train_regression - INFO - Training ridge...
2026-08-28 22:04:49,435 - src.train_regression - INFO - Model: ridge                     | Train R2:  0.266, Test R2:  0.264 | Test RMSE: 19.174
2026-08-28 22:04:49,435 - src.train_regression - INFO - Training lasso...
2026-08-28 22:04:49,695 - src.train_regression - INFO - Model: lasso                     | Train R2:  0.135, Test R2:  0.125 | Test RMSE: 20.899
2026-08-28 22:04:49,696 - src.train_regression - INFO - Training elastic_net...
2026-08-28 22:04:50,057 - src.train_regression - INFO - Model: elastic_net               | Train R2:  0.065, Test R2:  0.059 | Test RMSE: 21.673
2026-08-28 22:04:50,057 - src.train_regression - INFO - Training decision_tree...
2026-08-28 22:04:50,695 - src.train_regression - INFO - Model: decision_tree             | Train R2:  0.082, Test R2:  0.068 | Test RMSE: 21.564
2026-08-28 22:04:50,695 - src.train_regression - INFO - Training random_forest...
2026-08-28 22:04:54,297 - src.train_regression - INFO - Model: random_forest             | Train R2:  0.143, Test R2:  0.116 | Test RMSE: 21.011
2026-08-28 22:04:54,297 - src.train_regression - INFO - Training gradient_boosting...
2026-08-28 22:05:21,957 - src.train_regression - INFO - Model: gradient_boosting         | Train R2:  0.224, Test R2:  0.182 | Test RMSE: 20.209
2026-08-28 22:05:21,957 - src.train_regression - INFO - Training xgboost...
2026-08-28 22:05:24,414 - src.train_regression - INFO - Model: xgboost                   | Train R2:  0.218, Test R2:  0.180 | Test RMSE: 20.228
2026-08-28 22:05:24,414 - src.train_regression - INFO - Training lightgbm...
2026-08-28 22:05:24,594 - src.train_regression - INFO - Model: lightgbm                  | Train R2:  0.212, Test R2:  0.184 | Test RMSE: 20.188
2026-08-28 22:05:24,594 - src.train_regression - INFO - Best Regression Model: linear_regression with Test R2: 0.2636
2026-08-28 22:05:25,226 - src.train_regression - INFO - Feature importance plot saved.
2026-08-28 22:05:25,226 - src.train_regression - INFO - Running Feature Scaling Experiment...
2026-08-28 22:05:25,614 - src.train_regression - INFO - Model: Linear Regression (Unscaled) | Train R2:  0.040, Test R2:  0.036 | Test RMSE: 21.942
2026-08-28 22:05:25,944 - src.train_regression - INFO - Model: Linear Regression (Scaled) | Train R2:  0.266, Test R2:  0.264 | Test RMSE: 19.173
2026-08-28 22:05:26,716 - src.train_regression - INFO - Running L1/L2 Regularization Alpha Sweep...
2026-08-28 22:05:36,613 - src.train_regression - INFO - Running Decision Tree Depth Experiment...
2026-08-28 22:05:47,232 - src.train_classification - INFO - Starting Offline Classification Model Training...
2026-08-28 22:05:47,232 - src.train_classification - INFO - Training binary classifier: logistic_regression...
2026-08-28 22:05:47,688 - src.train_classification - INFO - Model: logistic_regression       | Test Acc:  0.927, F1:  0.822, ROC-AUC:  0.973
2026-08-28 22:05:47,692 - src.train_classification - INFO - Training binary classifier: decision_tree...
2026-08-28 22:05:48,160 - src.train_classification - INFO - Model: decision_tree             | Test Acc:  0.917, F1:  0.798, ROC-AUC:  0.954
2026-08-28 22:05:48,161 - src.train_classification - INFO - Training binary classifier: random_forest...
2026-08-28 22:05:48,802 - src.train_classification - INFO - Model: random_forest             | Test Acc:  0.917, F1:  0.777, ROC-AUC:  0.963
2026-08-28 22:05:48,803 - src.train_classification - INFO - Training binary classifier: gradient_boosting...
2026-08-28 22:06:09,721 - src.train_classification - INFO - Model: gradient_boosting         | Test Acc:  0.924, F1:  0.814, ROC-AUC:  0.971
2026-08-28 22:06:09,726 - src.train_classification - INFO - Training binary classifier: xgboost...
2026-08-28 22:06:09,974 - src.train_classification - INFO - Model: xgboost                   | Test Acc:  0.925, F1:  0.814, ROC-AUC:  0.971
2026-08-28 22:06:09,976 - src.train_classification - INFO - Training binary classifier: lightgbm...
2026-08-28 22:06:10,143 - src.train_classification - INFO - Model: lightgbm                  | Test Acc:  0.924, F1:  0.813, ROC-AUC:  0.971
2026-08-28 22:06:10,145 - src.train_classification - INFO - Best Binary Classification Model: logistic_regression with Test F1: 0.8224
2026-08-28 22:06:10,146 - src.train_classification - INFO - Training Multinomial Logistic Regression on 3-class Skip Risk Category...
2026-08-28 22:06:14,570 - src.train_classification - INFO - Multiclass Model: Multinomial Logistic Regression | Test Acc:  0.841, Macro F1:  0.791, Macro AUC:  0.948
2026-08-28 22:06:15,958 - src.train_classification - INFO - Classification Feature importance plot saved.
2026-08-28 22:06:15,964 - __main__ - INFO - ==================================================
2026-08-28 22:06:15,965 - __main__ - INFO - ML PIPELINE COMPLETED SUCCESSFULLY! Summary saved to C:\playlist\models\metrics_summary.json
2026-08-28 22:06:15,965 - __main__ - INFO - ==================================================
2026-08-28 22:07:43,745 - __main__ - INFO - ==============================================
2026-08-28 22:07:43,745 - __main__ - INFO - RUNNING SYSTEM ALIGNMENT AND MODEL VERIFICATION
2026-08-28 22:07:43,745 - __main__ - INFO - ==============================================
2026-08-28 22:07:43,745 - __main__ - INFO - Asset verified: metrics_summary.json exists.
2026-08-28 22:07:43,745 - __main__ - INFO - Asset verified: scaler.joblib exists.
2026-08-28 22:07:43,745 - __main__ - INFO - Asset verified: encoder.joblib exists.
2026-08-28 22:07:43,745 - __main__ - INFO - Asset verified: best_model.joblib exists.
2026-08-28 22:07:43,745 - __main__ - INFO - Asset verified: best_model.joblib exists.
2026-08-28 22:07:43,745 - __main__ - INFO - Asset verified: multinomial_logistic_regression.joblib exists.
2026-08-28 22:07:43,745 - __main__ - INFO - All essential ML serialized files are verified on disk.
2026-08-28 22:07:43,802 - __main__ - INFO - Successfully loaded all models and pipelines into memory.
2026-08-28 22:07:43,834 - __main__ - INFO - Verification Inference Run Success!
2026-08-28 22:07:43,834 - __main__ - INFO - Input Track: Genre=acoustic, Tempo=87.917
2026-08-28 22:07:43,834 - __main__ - INFO - Predicted Popularity: 42.43 / 100
2026-08-28 22:07:43,834 - __main__ - INFO - Predicted Skip Probability: 0.8%
2026-08-28 22:07:43,834 - __main__ - INFO - Multinomial Predicted Risk Class: 0 (0:Low, 1:Medium, 2:High)
2026-08-28 22:07:43,835 - __main__ - INFO - ==============================================
2026-08-28 22:07:43,835 - __main__ - INFO - SYSTEM ALIGNMENT: 100% HEALTHY. ALL CHECKS PASSED.
2026-08-28 22:07:43,835 - __main__ - INFO - ==============================================
2026-08-28 22:18:03,411 - __main__ - INFO - Loaded metrics summary successfully.
2026-08-28 22:18:03,412 - __main__ - INFO - Loaded fitted StandardScaler and OneHotEncoder successfully.
2026-08-28 22:18:03,440 - __main__ - INFO - Loaded baseline feature means: {'danceability': 0.56262192, 'energy': 0.64602557308, 'acousticness': 0.31280981499, 'speechiness': 0.08449058}
2026-08-28 22:18:03,441 - __main__ - INFO - Initialized new prediction log file at C:\playlist\logs\predictions.csv
2026-08-28 22:18:03,443 - __main__ - INFO - Starting PlaylistPulse Flask server on http://127.0.0.1:5000...
2026-08-28 22:18:05,382 - __main__ - INFO - Loaded metrics summary successfully.
2026-08-28 22:18:05,383 - __main__ - INFO - Loaded fitted StandardScaler and OneHotEncoder successfully.
2026-08-28 22:18:05,399 - __main__ - INFO - Loaded baseline feature means: {'danceability': 0.56262192, 'energy': 0.64602557308, 'acousticness': 0.31280981499, 'speechiness': 0.08449058}
2026-08-28 22:18:05,400 - __main__ - INFO - Starting PlaylistPulse Flask server on http://127.0.0.1:5000...
2026-08-28 22:19:20,192 - __main__ - INFO - Loaded metrics summary successfully.
2026-08-28 22:19:20,195 - __main__ - INFO - Loaded fitted StandardScaler and OneHotEncoder successfully.
2026-08-28 22:19:20,223 - __main__ - INFO - Loaded baseline feature means: {'danceability': 0.56262192, 'energy': 0.64602557308, 'acousticness': 0.31280981499, 'speechiness': 0.08449058}
2026-08-28 22:19:20,225 - __main__ - INFO - Starting PlaylistPulse Flask server on http://127.0.0.1:5000...
2026-08-28 22:19:35,221 - __main__ - INFO - Loaded metrics summary successfully.
2026-08-28 22:19:35,221 - __main__ - INFO - Loaded fitted StandardScaler and OneHotEncoder successfully.
2026-08-28 22:19:35,238 - __main__ - INFO - Loaded baseline feature means: {'danceability': 0.56262192, 'energy': 0.64602557308, 'acousticness': 0.31280981499, 'speechiness': 0.08449058}
2026-08-28 22:19:35,240 - __main__ - INFO - Starting PlaylistPulse Flask server on http://127.0.0.1:5000...
2026-08-28 22:19:37,864 - __main__ - INFO - Loaded metrics summary successfully.
2026-08-28 22:19:37,865 - __main__ - INFO - Loaded fitted StandardScaler and OneHotEncoder successfully.
2026-08-28 22:19:37,880 - __main__ - INFO - Loaded baseline feature means: {'danceability': 0.56262192, 'energy': 0.64602557308, 'acousticness': 0.31280981499, 'speechiness': 0.08449058}
2026-08-28 22:19:37,882 - __main__ - INFO - Starting PlaylistPulse Flask server on http://127.0.0.1:5000...
2026-08-28 22:21:36,740 - __main__ - INFO - Loaded metrics summary successfully.
2026-08-28 22:21:36,742 - __main__ - INFO - Loaded fitted StandardScaler and OneHotEncoder successfully.
2026-08-28 22:21:36,765 - __main__ - INFO - Loaded baseline feature means: {'danceability': 0.56262192, 'energy': 0.64602557308, 'acousticness': 0.31280981499, 'speechiness': 0.08449058}
2026-08-28 22:21:36,768 - __main__ - INFO - Starting PlaylistPulse Flask server on http://127.0.0.1:5000...
2026-08-28 22:21:39,829 - __main__ - INFO - Loaded metrics summary successfully.
2026-08-28 22:21:39,830 - __main__ - INFO - Loaded fitted StandardScaler and OneHotEncoder successfully.
2026-08-28 22:21:39,849 - __main__ - INFO - Loaded baseline feature means: {'danceability': 0.56262192, 'energy': 0.64602557308, 'acousticness': 0.31280981499, 'speechiness': 0.08449058}
2026-08-28 22:21:39,851 - __main__ - INFO - Starting PlaylistPulse Flask server on http://127.0.0.1:5000...
2026-08-28 22:21:59,858 - __main__ - INFO - Loaded metrics summary successfully.
2026-08-28 22:21:59,859 - __main__ - INFO - Loaded fitted StandardScaler and OneHotEncoder successfully.
2026-08-28 22:21:59,900 - __main__ - INFO - Loaded baseline feature means: {'danceability': 0.56262192, 'energy': 0.64602557308, 'acousticness': 0.31280981499, 'speechiness': 0.08449058}
2026-08-28 22:21:59,905 - __main__ - INFO - Starting PlaylistPulse Flask server on http://127.0.0.1:5000...
2026-08-28 22:22:02,243 - __main__ - INFO - Loaded metrics summary successfully.
2026-08-28 22:22:02,244 - __main__ - INFO - Loaded fitted StandardScaler and OneHotEncoder successfully.
2026-08-28 22:22:02,264 - __main__ - INFO - Loaded baseline feature means: {'danceability': 0.56262192, 'energy': 0.64602557308, 'acousticness': 0.31280981499, 'speechiness': 0.08449058}
2026-08-28 22:22:02,265 - __main__ - INFO - Starting PlaylistPulse Flask server on http://127.0.0.1:5000...
2026-08-28 22:32:35,561 - __main__ - INFO - Loaded metrics summary successfully.
2026-08-28 22:32:35,562 - __main__ - INFO - Loaded fitted StandardScaler and OneHotEncoder successfully.
2026-08-28 22:32:35,584 - __main__ - INFO - Loaded baseline feature means: {'danceability': 0.56262192, 'energy': 0.64602557308, 'acousticness': 0.31280981499, 'speechiness': 0.08449058}
2026-08-28 22:32:35,586 - __main__ - INFO - Starting PlaylistPulse Flask server on http://127.0.0.1:5000...
2026-08-28 22:32:38,067 - __main__ - INFO - Loaded metrics summary successfully.
2026-08-28 22:32:38,068 - __main__ - INFO - Loaded fitted StandardScaler and OneHotEncoder successfully.
2026-08-28 22:32:38,085 - __main__ - INFO - Loaded baseline feature means: {'danceability': 0.56262192, 'energy': 0.64602557308, 'acousticness': 0.31280981499, 'speechiness': 0.08449058}
2026-08-28 22:32:38,086 - __main__ - INFO - Starting PlaylistPulse Flask server on http://127.0.0.1:5000...
2026-08-29 11:41:07,304 - __main__ - INFO - Loaded metrics summary successfully.
2026-08-29 11:41:07,307 - __main__ - INFO - Loaded fitted StandardScaler and OneHotEncoder successfully.
2026-08-29 11:41:07,342 - __main__ - INFO - Loaded baseline feature means: {'danceability': 0.56262192, 'energy': 0.64602557308, 'acousticness': 0.31280981499, 'speechiness': 0.08449058}
2026-08-29 11:41:07,344 - __main__ - INFO - Starting PlaylistPulse Flask server on http://127.0.0.1:5000...
2026-08-29 11:41:11,223 - __main__ - INFO - Loaded metrics summary successfully.
2026-08-29 11:41:11,226 - __main__ - INFO - Loaded fitted StandardScaler and OneHotEncoder successfully.
2026-08-29 11:41:11,269 - __main__ - INFO - Loaded baseline feature means: {'danceability': 0.56262192, 'energy': 0.64602557308, 'acousticness': 0.31280981499, 'speechiness': 0.08449058}
2026-08-29 11:41:11,272 - __main__ - INFO - Starting PlaylistPulse Flask server on http://127.0.0.1:5000...
2026-08-31 11:23:39,748 - __main__ - INFO - Loaded metrics summary successfully.
2026-08-31 11:23:39,752 - __main__ - INFO - Loaded fitted StandardScaler and OneHotEncoder successfully.
2026-08-31 11:23:39,798 - __main__ - INFO - Loaded baseline feature means: {'danceability': 0.56262192, 'energy': 0.64602557308, 'acousticness': 0.31280981499, 'speechiness': 0.08449058}
2026-08-31 11:23:39,801 - __main__ - INFO - Starting PlaylistPulse Flask server on http://127.0.0.1:5000...
2026-08-31 11:23:43,180 - __main__ - INFO - Loaded metrics summary successfully.
2026-08-31 11:23:43,182 - __main__ - INFO - Loaded fitted StandardScaler and OneHotEncoder successfully.
2026-08-31 11:23:43,234 - __main__ - INFO - Loaded baseline feature means: {'danceability': 0.56262192, 'energy': 0.64602557308, 'acousticness': 0.31280981499, 'speechiness': 0.08449058}
2026-08-31 11:23:43,241 - __main__ - INFO - Starting PlaylistPulse Flask server on http://127.0.0.1:5000...
2026-09-14 22:22:45,933 - __main__ - INFO - Loaded metrics summary successfully.
2026-09-14 22:22:45,935 - __main__ - INFO - Loaded fitted StandardScaler and OneHotEncoder successfully.
2026-09-14 22:22:45,957 - __main__ - INFO - Loaded baseline feature means: {'danceability': 0.56262192, 'energy': 0.64602557308, 'acousticness': 0.31280981499, 'speechiness': 0.08449058}
2026-09-14 22:22:45,958 - __main__ - INFO - Starting PlaylistPulse Flask server on http://127.0.0.1:5000...
2026-09-14 22:22:47,844 - __main__ - INFO - Loaded metrics summary successfully.
2026-09-14 22:22:47,845 - __main__ - INFO - Loaded fitted StandardScaler and OneHotEncoder successfully.
2026-09-14 22:22:47,863 - __main__ - INFO - Loaded baseline feature means: {'danceability': 0.56262192, 'energy': 0.64602557308, 'acousticness': 0.31280981499, 'speechiness': 0.08449058}
2026-09-14 22:22:47,865 - __main__ - INFO - Starting PlaylistPulse Flask server on http://127.0.0.1:5000...
2026-09-14 22:47:24,169 - __main__ - INFO - Loaded metrics summary successfully.
2026-09-14 22:47:24,171 - __main__ - INFO - Loaded fitted StandardScaler and OneHotEncoder successfully.
2026-09-14 22:47:24,189 - __main__ - INFO - Loaded baseline feature means: {'danceability': 0.56262192, 'energy': 0.64602557308, 'acousticness': 0.31280981499, 'speechiness': 0.08449058}
2026-09-14 22:47:24,190 - __main__ - INFO - Starting PlaylistPulse Flask server on http://127.0.0.1:5000...
2026-09-14 22:47:26,218 - __main__ - INFO - Loaded metrics summary successfully.
2026-09-14 22:47:26,219 - __main__ - INFO - Loaded fitted StandardScaler and OneHotEncoder successfully.
2026-09-14 22:47:26,239 - __main__ - INFO - Loaded baseline feature means: {'danceability': 0.56262192, 'energy': 0.64602557308, 'acousticness': 0.31280981499, 'speechiness': 0.08449058}
2026-09-14 22:47:26,241 - __main__ - INFO - Starting PlaylistPulse Flask server on http://127.0.0.1:5000...
2026-09-14 22:47:47,606 - __main__ - INFO - Loaded metrics summary successfully.
2026-09-14 22:47:47,607 - __main__ - INFO - Loaded fitted StandardScaler and OneHotEncoder successfully.
2026-09-14 22:47:47,622 - __main__ - INFO - Loaded baseline feature means: {'danceability': 0.56262192, 'energy': 0.64602557308, 'acousticness': 0.31280981499, 'speechiness': 0.08449058}
2026-09-14 22:47:47,624 - __main__ - INFO - Starting PlaylistPulse Flask server on http://127.0.0.1:5000...
2026-09-14 22:47:49,454 - __main__ - INFO - Loaded metrics summary successfully.
2026-09-14 22:47:49,455 - __main__ - INFO - Loaded fitted StandardScaler and OneHotEncoder successfully.
2026-09-14 22:47:49,473 - __main__ - INFO - Loaded baseline feature means: {'danceability': 0.56262192, 'energy': 0.64602557308, 'acousticness': 0.31280981499, 'speechiness': 0.08449058}
2026-09-14 22:47:49,475 - __main__ - INFO - Starting PlaylistPulse Flask server on http://127.0.0.1:5000...
2026-09-20 19:10:01,896 - __main__ - INFO - Loaded metrics summary successfully.
2026-09-20 19:10:01,902 - __main__ - INFO - Loaded fitted StandardScaler and OneHotEncoder successfully.
2026-09-20 19:10:01,931 - __main__ - INFO - Loaded baseline feature means: {'danceability': 0.56262192, 'energy': 0.64602557308, 'acousticness': 0.31280981499, 'speechiness': 0.08449058}
2026-09-20 19:10:01,936 - __main__ - INFO - Starting PlaylistPulse Flask server on http://127.0.0.1:5000...
2026-09-20 19:10:03,828 - __main__ - INFO - Loaded metrics summary successfully.
2026-09-20 19:10:03,828 - __main__ - INFO - Loaded fitted StandardScaler and OneHotEncoder successfully.
2026-09-20 19:10:03,846 - __main__ - INFO - Loaded baseline feature means: {'danceability': 0.56262192, 'energy': 0.64602557308, 'acousticness': 0.31280981499, 'speechiness': 0.08449058}
2026-09-20 19:10:03,848 - __main__ - INFO - Starting PlaylistPulse Flask server on http://127.0.0.1:5000...
2026-09-20 19:17:18,289 - __main__ - INFO - Loaded metrics summary successfully.
2026-09-20 19:17:18,290 - __main__ - INFO - Loaded fitted StandardScaler and OneHotEncoder successfully.
2026-09-20 19:17:18,327 - __main__ - INFO - Loaded baseline feature means: {'danceability': 0.56262192, 'energy': 0.64602557308, 'acousticness': 0.31280981499, 'speechiness': 0.08449058}
2026-09-20 19:17:18,330 - __main__ - INFO - Starting PlaylistPulse Flask server on http://127.0.0.1:5000...
2026-09-20 19:17:20,454 - __main__ - INFO - Loaded metrics summary successfully.
2026-09-20 19:17:20,455 - __main__ - INFO - Loaded fitted StandardScaler and OneHotEncoder successfully.
2026-09-20 19:17:20,485 - __main__ - INFO - Loaded baseline feature means: {'danceability': 0.56262192, 'energy': 0.64602557308, 'acousticness': 0.31280981499, 'speechiness': 0.08449058}
2026-09-20 19:17:20,489 - __main__ - INFO - Starting PlaylistPulse Flask server on http://127.0.0.1:5000...
2026-09-20 19:18:00,648 - __main__ - INFO - Loaded metrics summary successfully.
2026-09-20 19:18:00,649 - __main__ - INFO - Loaded fitted StandardScaler and OneHotEncoder successfully.
2026-09-20 19:18:00,666 - __main__ - INFO - Loaded baseline feature means: {'danceability': 0.56262192, 'energy': 0.64602557308, 'acousticness': 0.31280981499, 'speechiness': 0.08449058}
2026-09-20 19:18:00,669 - __main__ - INFO - Starting PlaylistPulse Flask server on http://127.0.0.1:5000...
2026-09-20 19:18:02,871 - __main__ - INFO - Loaded metrics summary successfully.
2026-09-20 19:18:02,872 - __main__ - INFO - Loaded fitted StandardScaler and OneHotEncoder successfully.
2026-09-20 19:18:02,893 - __main__ - INFO - Loaded baseline feature means: {'danceability': 0.56262192, 'energy': 0.64602557308, 'acousticness': 0.31280981499, 'speechiness': 0.08449058}
2026-09-20 19:18:02,894 - __main__ - INFO - Starting PlaylistPulse Flask server on http://127.0.0.1:5000...
2026-09-20 19:20:35,824 - __main__ - INFO - Loaded metrics summary successfully.
2026-09-20 19:20:35,824 - __main__ - INFO - Loaded fitted StandardScaler and OneHotEncoder successfully.
2026-09-20 19:20:35,840 - __main__ - INFO - Loaded baseline feature means: {'danceability': 0.56262192, 'energy': 0.64602557308, 'acousticness': 0.31280981499, 'speechiness': 0.08449058}
2026-09-20 19:20:35,843 - __main__ - INFO - Starting PlaylistPulse Flask server on http://127.0.0.1:5000...
2026-09-20 19:20:52,689 - __main__ - INFO - Loaded metrics summary successfully.
2026-09-20 19:20:52,690 - __main__ - INFO - Loaded fitted StandardScaler and OneHotEncoder successfully.
2026-09-20 19:20:52,709 - __main__ - INFO - Loaded baseline feature means: {'danceability': 0.56262192, 'energy': 0.64602557308, 'acousticness': 0.31280981499, 'speechiness': 0.08449058}
2026-09-20 19:20:52,713 - __main__ - INFO - Starting PlaylistPulse Flask server on http://127.0.0.1:5000...
2026-09-20 19:20:54,862 - __main__ - INFO - Loaded metrics summary successfully.
2026-09-20 19:20:54,864 - __main__ - INFO - Loaded fitted StandardScaler and OneHotEncoder successfully.
2026-09-20 19:20:54,883 - __main__ - INFO - Loaded baseline feature means: {'danceability': 0.56262192, 'energy': 0.64602557308, 'acousticness': 0.31280981499, 'speechiness': 0.08449058}
2026-09-20 19:20:54,886 - __main__ - INFO - Starting PlaylistPulse Flask server on http://127.0.0.1:5000...
2026-09-20 19:21:42,277 - __main__ - INFO - Loaded metrics summary successfully.
2026-09-20 19:21:42,278 - __main__ - INFO - Loaded fitted StandardScaler and OneHotEncoder successfully.
2026-09-20 19:21:42,294 - __main__ - INFO - Loaded baseline feature means: {'danceability': 0.56262192, 'energy': 0.64602557308, 'acousticness': 0.31280981499, 'speechiness': 0.08449058}
2026-09-20 19:21:42,296 - __main__ - INFO - Starting PlaylistPulse Flask server on http://127.0.0.1:5000...
2026-09-20 19:21:44,336 - __main__ - INFO - Loaded metrics summary successfully.
2026-09-20 19:21:44,337 - __main__ - INFO - Loaded fitted StandardScaler and OneHotEncoder successfully.
2026-09-20 19:21:44,354 - __main__ - INFO - Loaded baseline feature means: {'danceability': 0.56262192, 'energy': 0.64602557308, 'acousticness': 0.31280981499, 'speechiness': 0.08449058}
2026-09-20 19:21:44,356 - __main__ - INFO - Starting PlaylistPulse Flask server on http://127.0.0.1:5000...
2026-09-20 19:26:22,881 - __main__ - INFO - Loaded metrics summary successfully.
2026-09-20 19:26:22,882 - __main__ - INFO - Loaded fitted StandardScaler and OneHotEncoder successfully.
2026-09-20 19:26:22,897 - __main__ - INFO - Loaded baseline feature means: {'danceability': 0.56262192, 'energy': 0.64602557308, 'acousticness': 0.31280981499, 'speechiness': 0.08449058}
2026-09-20 19:26:22,899 - __main__ - INFO - Starting PlaylistPulse Flask server on http://127.0.0.1:5000...
2026-09-20 19:26:25,197 - __main__ - INFO - Loaded metrics summary successfully.
2026-09-20 19:26:25,199 - __main__ - INFO - Loaded fitted StandardScaler and OneHotEncoder successfully.
2026-09-20 19:26:25,235 - __main__ - INFO - Loaded baseline feature means: {'danceability': 0.56262192, 'energy': 0.64602557308, 'acousticness': 0.31280981499, 'speechiness': 0.08449058}
2026-09-20 19:26:25,242 - __main__ - INFO - Starting PlaylistPulse Flask server on http://127.0.0.1:5000...
2026-10-05 09:18:52,272 - __main__ - INFO - Loaded metrics summary successfully.
2026-10-05 09:18:52,275 - __main__ - INFO - Loaded fitted StandardScaler and OneHotEncoder successfully.
2026-10-05 09:18:52,337 - __main__ - INFO - Loaded baseline feature means: {'danceability': 0.56262192, 'energy': 0.64602557308, 'acousticness': 0.31280981499, 'speechiness': 0.08449058}
2026-10-05 09:18:52,340 - __main__ - INFO - Starting PlaylistPulse Flask server on http://127.0.0.1:5000...
2026-10-05 09:18:54,668 - __main__ - INFO - Loaded metrics summary successfully.
2026-10-05 09:18:54,670 - __main__ - INFO - Loaded fitted StandardScaler and OneHotEncoder successfully.
2026-10-05 09:18:54,702 - __main__ - INFO - Loaded baseline feature means: {'danceability': 0.56262192, 'energy': 0.64602557308, 'acousticness': 0.31280981499, 'speechiness': 0.08449058}
2026-10-05 09:18:54,707 - __main__ - INFO - Starting PlaylistPulse Flask server on http://127.0.0.1:5000...
2026-10-05 09:34:17,364 - __main__ - INFO - ==================================================
2026-10-05 09:34:17,364 - __main__ - INFO - STARTING COMPLETE PLAYLISTPULSE ML PIPELINE (M1 - M5)
2026-10-05 09:34:17,364 - __main__ - INFO - ==================================================
2026-10-05 09:34:17,364 - src.data_preprocessing - INFO - Loading raw data from C:\PLAYLIST1\Data\dataset.csv...
2026-10-05 09:36:46,238 - __main__ - INFO - ==================================================
2026-10-05 09:36:46,239 - __main__ - INFO - STARTING COMPLETE PLAYLISTPULSE ML PIPELINE (M1 - M5)
2026-10-05 09:36:46,239 - __main__ - INFO - ==================================================
2026-10-05 09:36:46,239 - src.data_preprocessing - INFO - Loading raw data from C:\PLAYLIST1\data\clean_sample.csv...
2026-10-05 09:36:46,279 - src.data_preprocessing - INFO - Raw data loaded with shape: (5000, 23)
2026-10-05 09:36:46,279 - src.data_preprocessing - INFO - Generating synthetic skip behavior proxies...
2026-10-05 09:36:46,290 - src.data_preprocessing - INFO - Generated skip proxies. Value counts for 'skipped':
skipped
0    0.7974
1    0.2026
Name: proportion, dtype: float64
2026-10-05 09:36:46,291 - src.data_preprocessing - INFO - Value counts for 'skip_risk_category':
skip_risk_category
0    0.5592
1    0.3942
2    0.0466
Name: proportion, dtype: float64
2026-10-05 09:36:46,291 - src.data_preprocessing - INFO - Generating EDA plots...
2026-10-05 09:36:48,050 - src.data_preprocessing - INFO - EDA plots saved to static/images.
2026-10-05 09:36:48,392 - src.data_preprocessing - INFO - Split data: Train=4000, Test=1000
2026-10-05 09:36:48,392 - src.data_preprocessing - INFO - Fitting preprocessors on training data...
2026-10-05 09:36:48,395 - src.data_preprocessing - INFO - Scaler fitted and saved.
2026-10-05 09:36:48,397 - src.data_preprocessing - INFO - One-hot encoder fitted and saved.
2026-10-05 09:36:48,421 - src.train_regression - INFO - Starting Offline Regression Model Training...
2026-10-05 09:36:48,422 - src.train_regression - INFO - Training linear_regression...
2026-10-05 09:36:48,475 - src.train_regression - INFO - Model: linear_regression         | Train R2:  0.282, Test R2:  0.249 | Test RMSE: 19.620
2026-10-05 09:36:48,475 - src.train_regression - INFO - Training ridge...
2026-10-05 09:36:48,742 - src.train_regression - INFO - Model: ridge                     | Train R2:  0.282, Test R2:  0.250 | Test RMSE: 19.604
2026-10-05 09:36:48,742 - src.train_regression - INFO - Training lasso...
2026-10-05 09:36:48,759 - src.train_regression - INFO - Model: lasso                     | Train R2:  0.153, Test R2:  0.140 | Test RMSE: 20.996
2026-10-05 09:36:48,759 - src.train_regression - INFO - Training elastic_net...
2026-10-05 09:36:48,776 - src.train_regression - INFO - Model: elastic_net               | Train R2:  0.074, Test R2:  0.071 | Test RMSE: 21.817
2026-10-05 09:36:48,777 - src.train_regression - INFO - Training decision_tree...
2026-10-05 09:36:48,816 - src.train_regression - INFO - Model: decision_tree             | Train R2:  0.083, Test R2:  0.049 | Test RMSE: 22.077
2026-10-05 09:36:48,816 - src.train_regression - INFO - Training random_forest...
2026-10-05 09:36:49,116 - src.train_regression - INFO - Model: random_forest             | Train R2:  0.219, Test R2:  0.137 | Test RMSE: 21.038
2026-10-05 09:36:49,116 - src.train_regression - INFO - Training gradient_boosting...
2026-10-05 09:36:50,211 - src.train_regression - INFO - Model: gradient_boosting         | Train R2:  0.297, Test R2:  0.168 | Test RMSE: 20.652
2026-10-05 09:36:50,211 - src.train_regression - INFO - Training xgboost...
2026-10-05 09:36:52,473 - src.train_regression - INFO - Model: xgboost                   | Train R2:  0.285, Test R2:  0.172 | Test RMSE: 20.602
2026-10-05 09:36:52,473 - src.train_regression - INFO - Training lightgbm...
2026-10-05 09:36:52,563 - src.train_regression - INFO - Model: lightgbm                  | Train R2:  0.231, Test R2:  0.179 | Test RMSE: 20.521
2026-10-05 09:36:52,564 - src.train_regression - INFO - Best Regression Model: ridge with Test R2: 0.2503
2026-10-05 09:36:53,094 - src.train_regression - INFO - Feature importance plot saved.
2026-10-05 09:36:53,094 - src.train_regression - INFO - Running Feature Scaling Experiment...
2026-10-05 09:36:53,141 - src.train_regression - INFO - Model: Linear Regression (Unscaled) | Train R2:  0.203, Test R2:  0.189 | Test RMSE: 20.384
2026-10-05 09:36:53,180 - src.train_regression - INFO - Model: Linear Regression (Scaled) | Train R2:  0.282, Test R2:  0.249 | Test RMSE: 19.620
2026-10-05 09:36:53,717 - src.train_regression - INFO - Running L1/L2 Regularization Alpha Sweep...
2026-10-05 09:36:55,532 - src.train_regression - INFO - Running Decision Tree Depth Experiment...
2026-10-05 09:36:56,437 - src.train_classification - INFO - Starting Offline Classification Model Training...
2026-10-05 09:36:56,438 - src.train_classification - INFO - Training binary classifier: logistic_regression...
2026-10-05 09:36:56,509 - src.train_classification - INFO - Model: logistic_regression       | Test Acc:  0.942, F1:  0.855, ROC-AUC:  0.976
2026-10-05 09:36:56,511 - src.train_classification - INFO - Training binary classifier: decision_tree...
2026-10-05 09:36:56,556 - src.train_classification - INFO - Model: decision_tree             | Test Acc:  0.928, F1:  0.813, ROC-AUC:  0.935
2026-10-05 09:36:56,557 - src.train_classification - INFO - Training binary classifier: random_forest...
2026-10-05 09:36:56,774 - src.train_classification - INFO - Model: random_forest             | Test Acc:  0.934, F1:  0.823, ROC-AUC:  0.969
2026-10-05 09:36:56,775 - src.train_classification - INFO - Training binary classifier: gradient_boosting...
2026-10-05 09:36:58,373 - src.train_classification - INFO - Model: gradient_boosting         | Test Acc:  0.928, F1:  0.822, ROC-AUC:  0.972
2026-10-05 09:36:58,374 - src.train_classification - INFO - Training binary classifier: xgboost...
2026-10-05 09:36:58,588 - src.train_classification - INFO - Model: xgboost                   | Test Acc:  0.939, F1:  0.847, ROC-AUC:  0.974
2026-10-05 09:36:58,591 - src.train_classification - INFO - Training binary classifier: lightgbm...
2026-10-05 09:36:58,754 - src.train_classification - INFO - Model: lightgbm                  | Test Acc:  0.940, F1:  0.848, ROC-AUC:  0.972
2026-10-05 09:36:58,755 - src.train_classification - INFO - Best Binary Classification Model: logistic_regression with Test F1: 0.8550
2026-10-05 09:36:58,757 - src.train_classification - INFO - Training Multinomial Logistic Regression on 3-class Skip Risk Category...
2026-10-05 09:36:58,909 - src.train_classification - INFO - Multiclass Model: Multinomial Logistic Regression | Test Acc:  0.842, Macro F1:  0.795, Macro AUC:  0.945
2026-10-05 09:37:00,110 - src.train_classification - INFO - Classification Feature importance plot saved.
2026-10-05 09:37:00,110 - src.train_unsupervised - INFO - ==================================================
2026-10-05 09:37:00,110 - src.train_unsupervised - INFO - STARTING MODULE M4: UNSUPERVISED LEARNING PIPELINE
2026-10-05 09:37:00,110 - src.train_unsupervised - INFO - ==================================================
2026-10-05 09:37:00,138 - src.train_unsupervised - INFO - 1. Evaluating K-Means (Lloyd / K-Means++) with Elbow and Silhouette analysis...
2026-10-05 09:37:02,328 - src.train_unsupervised - INFO -    K=2 -> Inertia (WCSS): 44098.5, Silhouette: 0.2012, Calinski-Harabasz: 716.4, Davies-Bouldin: 2.0335
2026-10-05 09:37:02,683 - src.train_unsupervised - INFO -    K=3 -> Inertia (WCSS): 40612.8, Silhouette: 0.1145, Calinski-Harabasz: 560.3, Davies-Bouldin: 2.3725
2026-10-05 09:37:02,991 - src.train_unsupervised - INFO -    K=4 -> Inertia (WCSS): 38198.9, Silhouette: 0.1151, Calinski-Harabasz: 481.2, Davies-Bouldin: 2.1689
2026-10-05 09:37:03,309 - src.train_unsupervised - INFO -    K=5 -> Inertia (WCSS): 36108.3, Silhouette: 0.1168, Calinski-Harabasz: 439.6, Davies-Bouldin: 2.1081
2026-10-05 09:37:03,621 - src.train_unsupervised - INFO -    K=6 -> Inertia (WCSS): 34118.9, Silhouette: 0.1174, Calinski-Harabasz: 418.6, Davies-Bouldin: 2.0043
2026-10-05 09:37:03,948 - src.train_unsupervised - INFO -    K=7 -> Inertia (WCSS): 32370.8, Silhouette: 0.1165, Calinski-Harabasz: 403.6, Davies-Bouldin: 1.8481
2026-10-05 09:37:04,277 - src.train_unsupervised - INFO -    K=8 -> Inertia (WCSS): 30770.9, Silhouette: 0.1240, Calinski-Harabasz: 393.4, Davies-Bouldin: 1.7984
2026-10-05 09:37:04,596 - src.train_unsupervised - INFO -    K=9 -> Inertia (WCSS): 29215.3, Silhouette: 0.1276, Calinski-Harabasz: 389.1, Davies-Bouldin: 1.7012
2026-10-05 09:37:04,888 - src.train_unsupervised - INFO -    K=10 -> Inertia (WCSS): 28322.0, Silhouette: 0.1158, Calinski-Harabasz: 370.6, Davies-Bouldin: 1.7121
2026-10-05 09:37:04,888 - src.train_unsupervised - INFO - Optimal K selected via Silhouette Score: K=2
2026-10-05 09:39:22,088 - __main__ - INFO - ==================================================
2026-10-05 09:39:22,088 - __main__ - INFO - STARTING COMPLETE PLAYLISTPULSE ML PIPELINE (M1 - M5)
2026-10-05 09:39:22,088 - __main__ - INFO - ==================================================
2026-10-05 09:39:22,088 - src.data_preprocessing - INFO - Loading raw data from C:\PLAYLIST1\data\clean_sample.csv...
2026-10-05 09:39:22,110 - src.data_preprocessing - INFO - Raw data loaded with shape: (5000, 23)
2026-10-05 09:39:22,110 - src.data_preprocessing - INFO - Generating synthetic skip behavior proxies...
2026-10-05 09:39:22,118 - src.data_preprocessing - INFO - Generated skip proxies. Value counts for 'skipped':
skipped
0    0.794
1    0.206
Name: proportion, dtype: float64
2026-10-05 09:39:22,119 - src.data_preprocessing - INFO - Value counts for 'skip_risk_category':
skip_risk_category
0    0.561
1    0.389
2    0.050
Name: proportion, dtype: float64
2026-10-05 09:39:22,120 - src.data_preprocessing - INFO - Generating EDA plots...
2026-10-05 09:39:23,714 - src.data_preprocessing - INFO - EDA plots saved to static/images.
2026-10-05 09:39:23,823 - src.data_preprocessing - INFO - Split data: Train=4000, Test=1000
2026-10-05 09:39:23,823 - src.data_preprocessing - INFO - Fitting preprocessors on training data...
2026-10-05 09:39:23,827 - src.data_preprocessing - INFO - Scaler fitted and saved.
2026-10-05 09:39:23,831 - src.data_preprocessing - INFO - One-hot encoder fitted and saved.
2026-10-05 09:39:23,851 - src.train_regression - INFO - Starting Offline Regression Model Training...
2026-10-05 09:39:23,851 - src.train_regression - INFO - Training linear_regression...
2026-10-05 09:39:23,901 - src.train_regression - INFO - Model: linear_regression         | Train R2:  0.281, Test R2:  0.253 | Test RMSE: 18.989
2026-10-05 09:39:23,901 - src.train_regression - INFO - Training ridge...
2026-10-05 09:39:23,931 - src.train_regression - INFO - Model: ridge                     | Train R2:  0.281, Test R2:  0.255 | Test RMSE: 18.962
2026-10-05 09:39:23,931 - src.train_regression - INFO - Training lasso...
2026-10-05 09:39:23,946 - src.train_regression - INFO - Model: lasso                     | Train R2:  0.152, Test R2:  0.156 | Test RMSE: 20.189
2026-10-05 09:39:23,946 - src.train_regression - INFO - Training elastic_net...
2026-10-05 09:39:23,960 - src.train_regression - INFO - Model: elastic_net               | Train R2:  0.074, Test R2:  0.075 | Test RMSE: 21.135
2026-10-05 09:39:23,960 - src.train_regression - INFO - Training decision_tree...
2026-10-05 09:39:23,992 - src.train_regression - INFO - Model: decision_tree             | Train R2:  0.082, Test R2:  0.071 | Test RMSE: 21.180
2026-10-05 09:39:23,992 - src.train_regression - INFO - Training random_forest...
2026-10-05 09:39:24,271 - src.train_regression - INFO - Model: random_forest             | Train R2:  0.218, Test R2:  0.147 | Test RMSE: 20.292
2026-10-05 09:39:24,271 - src.train_regression - INFO - Training gradient_boosting...
2026-10-05 09:39:25,458 - src.train_regression - INFO - Model: gradient_boosting         | Train R2:  0.300, Test R2:  0.177 | Test RMSE: 19.935
2026-10-05 09:39:25,458 - src.train_regression - INFO - Training xgboost...
2026-10-05 09:39:27,657 - src.train_regression - INFO - Model: xgboost                   | Train R2:  0.291, Test R2:  0.183 | Test RMSE: 19.856
2026-10-05 09:39:27,657 - src.train_regression - INFO - Training lightgbm...
2026-10-05 09:39:27,863 - src.train_regression - INFO - Model: lightgbm                  | Train R2:  0.226, Test R2:  0.196 | Test RMSE: 19.697
2026-10-05 09:39:27,863 - src.train_regression - INFO - Best Regression Model: ridge with Test R2: 0.2551
2026-10-05 09:39:28,505 - src.train_regression - INFO - Feature importance plot saved.
2026-10-05 09:39:28,505 - src.train_regression - INFO - Running Feature Scaling Experiment...
2026-10-05 09:39:28,547 - src.train_regression - INFO - Model: Linear Regression (Unscaled) | Train R2:  0.177, Test R2:  0.162 | Test RMSE: 20.117
2026-10-05 09:39:28,591 - src.train_regression - INFO - Model: Linear Regression (Scaled) | Train R2:  0.281, Test R2:  0.253 | Test RMSE: 18.989
2026-10-05 09:39:29,122 - src.train_regression - INFO - Running L1/L2 Regularization Alpha Sweep...
2026-10-05 09:39:30,470 - src.train_regression - INFO - Running Decision Tree Depth Experiment...
2026-10-05 09:39:31,533 - src.train_classification - INFO - Starting Offline Classification Model Training...
2026-10-05 09:39:31,534 - src.train_classification - INFO - Training binary classifier: logistic_regression...
2026-10-05 09:39:31,599 - src.train_classification - INFO - Model: logistic_regression       | Test Acc:  0.943, F1:  0.857, ROC-AUC:  0.977
2026-10-05 09:39:31,600 - src.train_classification - INFO - Training binary classifier: decision_tree...
2026-10-05 09:39:31,685 - src.train_classification - INFO - Model: decision_tree             | Test Acc:  0.915, F1:  0.778, ROC-AUC:  0.910
2026-10-05 09:39:31,686 - src.train_classification - INFO - Training binary classifier: random_forest...
2026-10-05 09:39:31,984 - src.train_classification - INFO - Model: random_forest             | Test Acc:  0.927, F1:  0.800, ROC-AUC:  0.959
2026-10-05 09:39:31,985 - src.train_classification - INFO - Training binary classifier: gradient_boosting...
2026-10-05 09:39:33,312 - src.train_classification - INFO - Model: gradient_boosting         | Test Acc:  0.931, F1:  0.826, ROC-AUC:  0.971
2026-10-05 09:39:33,314 - src.train_classification - INFO - Training binary classifier: xgboost...
2026-10-05 09:39:33,458 - src.train_classification - INFO - Model: xgboost                   | Test Acc:  0.931, F1:  0.826, ROC-AUC:  0.969
2026-10-05 09:39:33,459 - src.train_classification - INFO - Training binary classifier: lightgbm...
2026-10-05 09:39:33,626 - src.train_classification - INFO - Model: lightgbm                  | Test Acc:  0.933, F1:  0.832, ROC-AUC:  0.970
2026-10-05 09:39:33,627 - src.train_classification - INFO - Best Binary Classification Model: logistic_regression with Test F1: 0.8571
2026-10-05 09:39:33,629 - src.train_classification - INFO - Training Multinomial Logistic Regression on 3-class Skip Risk Category...
2026-10-05 09:39:33,783 - src.train_classification - INFO - Multiclass Model: Multinomial Logistic Regression | Test Acc:  0.815, Macro F1:  0.773, Macro AUC:  0.942
2026-10-05 09:39:35,128 - src.train_classification - INFO - Classification Feature importance plot saved.
2026-10-05 09:39:35,129 - src.train_unsupervised - INFO - ==================================================
2026-10-05 09:39:35,129 - src.train_unsupervised - INFO - STARTING MODULE M4: UNSUPERVISED LEARNING PIPELINE
2026-10-05 09:39:35,129 - src.train_unsupervised - INFO - ==================================================
2026-10-05 09:39:35,130 - src.train_unsupervised - INFO - 1. Evaluating K-Means (Lloyd / K-Means++) with Elbow and Silhouette analysis...
2026-10-05 09:39:37,079 - src.train_unsupervised - INFO -    K=2 -> Inertia (WCSS): 43947.8, Silhouette: 0.2054, Calinski-Harabasz: 732.5, Davies-Bouldin: 2.0198
2026-10-05 09:39:37,428 - src.train_unsupervised - INFO -    K=3 -> Inertia (WCSS): 40518.4, Silhouette: 0.1175, Calinski-Harabasz: 566.3, Davies-Bouldin: 2.3628
2026-10-05 09:39:37,775 - src.train_unsupervised - INFO -    K=4 -> Inertia (WCSS): 37998.0, Silhouette: 0.1183, Calinski-Harabasz: 490.8, Davies-Bouldin: 2.1620
2026-10-05 09:39:38,159 - src.train_unsupervised - INFO -    K=5 -> Inertia (WCSS): 35826.9, Silhouette: 0.1206, Calinski-Harabasz: 450.9, Davies-Bouldin: 2.0845
2026-10-05 09:39:38,566 - src.train_unsupervised - INFO -    K=6 -> Inertia (WCSS): 33857.9, Silhouette: 0.1238, Calinski-Harabasz: 428.0, Davies-Bouldin: 1.9683
2026-10-05 09:39:38,926 - src.train_unsupervised - INFO -    K=7 -> Inertia (WCSS): 31896.0, Silhouette: 0.1204, Calinski-Harabasz: 419.5, Davies-Bouldin: 1.8280
2026-10-05 09:39:39,306 - src.train_unsupervised - INFO -    K=8 -> Inertia (WCSS): 30380.7, Silhouette: 0.1281, Calinski-Harabasz: 405.8, Davies-Bouldin: 1.7813
2026-10-05 09:39:39,668 - src.train_unsupervised - INFO -    K=9 -> Inertia (WCSS): 29477.4, Silhouette: 0.1134, Calinski-Harabasz: 381.2, Davies-Bouldin: 1.8151
2026-10-05 09:39:40,034 - src.train_unsupervised - INFO -    K=10 -> Inertia (WCSS): 28155.8, Silhouette: 0.1172, Calinski-Harabasz: 375.4, Davies-Bouldin: 1.7540
2026-10-05 09:39:40,034 - src.train_unsupervised - INFO - Optimal K selected via Silhouette Score: K=2
2026-10-05 09:39:40,453 - src.train_unsupervised - INFO - 2. Computing PCA (Scree Plot & Cumulative Variance)...
2026-10-05 09:39:40,708 - src.train_unsupervised - INFO - 3. Training DBSCAN (Density-Based Spatial Clustering of Applications with Noise)...
2026-10-05 09:39:41,043 - src.train_unsupervised - INFO -    DBSCAN identified 5 dense clusters and 1298 noise points (32.5%)
2026-10-05 09:39:41,287 - src.train_unsupervised - INFO - 4. Computing Hierarchical Agglomerative Clustering (Linkage comparison)...
2026-10-05 09:39:41,524 - src.train_unsupervised - INFO - 5. Training Anomaly Detectors (Isolation Forest & One-Class SVM)...
2026-10-05 09:39:41,951 - src.train_unsupervised - INFO - 6. Computing t-SNE 2D Manifold Embedding...
2026-10-05 09:39:45,279 - src.train_unsupervised - INFO - Module M4 artifacts and metrics saved to: C:\PLAYLIST1\models\unsupervised\unsupervised_metrics.json
2026-10-05 09:39:45,280 - src.evaluation_calibration - INFO - ==================================================
2026-10-05 09:39:45,280 - src.evaluation_calibration - INFO - STARTING MODULE M5: EVALUATION, SELECTION & CALIBRATION
2026-10-05 09:39:45,280 - src.evaluation_calibration - INFO - ==================================================
2026-10-05 09:40:41,211 - __main__ - INFO - ==================================================
2026-10-05 09:40:41,211 - __main__ - INFO - STARTING COMPLETE PLAYLISTPULSE ML PIPELINE (M1 - M5)
2026-10-05 09:40:41,211 - __main__ - INFO - ==================================================
2026-10-05 09:40:41,211 - src.data_preprocessing - INFO - Loading raw data from C:\PLAYLIST1\data\clean_sample.csv...
2026-10-05 09:40:41,235 - src.data_preprocessing - INFO - Raw data loaded with shape: (5000, 23)
2026-10-05 09:40:41,235 - src.data_preprocessing - INFO - Generating synthetic skip behavior proxies...
2026-10-05 09:40:41,241 - src.data_preprocessing - INFO - Generated skip proxies. Value counts for 'skipped':
skipped
0    0.7928
1    0.2072
Name: proportion, dtype: float64
2026-10-05 09:40:41,242 - src.data_preprocessing - INFO - Value counts for 'skip_risk_category':
skip_risk_category
0    0.5612
1    0.3894
2    0.0494
Name: proportion, dtype: float64
2026-10-05 09:40:41,242 - src.data_preprocessing - INFO - Generating EDA plots...
2026-10-05 09:40:43,659 - src.data_preprocessing - INFO - EDA plots saved to static/images.
2026-10-05 09:40:43,780 - src.data_preprocessing - INFO - Split data: Train=4000, Test=1000
2026-10-05 09:40:43,780 - src.data_preprocessing - INFO - Fitting preprocessors on training data...
2026-10-05 09:40:43,784 - src.data_preprocessing - INFO - Scaler fitted and saved.
2026-10-05 09:40:43,787 - src.data_preprocessing - INFO - One-hot encoder fitted and saved.
2026-10-05 09:40:43,812 - src.train_regression - INFO - Starting Offline Regression Model Training...
2026-10-05 09:40:43,812 - src.train_regression - INFO - Training linear_regression...
2026-10-05 09:40:43,861 - src.train_regression - INFO - Model: linear_regression         | Train R2:  0.286, Test R2:  0.236 | Test RMSE: 19.366
2026-10-05 09:40:43,861 - src.train_regression - INFO - Training ridge...
2026-10-05 09:40:43,895 - src.train_regression - INFO - Model: ridge                     | Train R2:  0.286, Test R2:  0.238 | Test RMSE: 19.351
2026-10-05 09:40:43,895 - src.train_regression - INFO - Training lasso...
2026-10-05 09:40:43,910 - src.train_regression - INFO - Model: lasso                     | Train R2:  0.155, Test R2:  0.131 | Test RMSE: 20.657
2026-10-05 09:40:43,910 - src.train_regression - INFO - Training elastic_net...
2026-10-05 09:40:43,927 - src.train_regression - INFO - Model: elastic_net               | Train R2:  0.077, Test R2:  0.067 | Test RMSE: 21.405
2026-10-05 09:40:43,927 - src.train_regression - INFO - Training decision_tree...
2026-10-05 09:40:43,980 - src.train_regression - INFO - Model: decision_tree             | Train R2:  0.086, Test R2:  0.068 | Test RMSE: 21.398
2026-10-05 09:40:43,980 - src.train_regression - INFO - Training random_forest...
2026-10-05 09:40:44,294 - src.train_regression - INFO - Model: random_forest             | Train R2:  0.241, Test R2:  0.121 | Test RMSE: 20.775
2026-10-05 09:40:44,294 - src.train_regression - INFO - Training gradient_boosting...
2026-10-05 09:40:45,586 - src.train_regression - INFO - Model: gradient_boosting         | Train R2:  0.309, Test R2:  0.166 | Test RMSE: 20.244
2026-10-05 09:40:45,586 - src.train_regression - INFO - Training xgboost...
2026-10-05 09:40:47,773 - src.train_regression - INFO - Model: xgboost                   | Train R2:  0.295, Test R2:  0.164 | Test RMSE: 20.259
2026-10-05 09:40:47,773 - src.train_regression - INFO - Training lightgbm...
2026-10-05 09:40:47,834 - src.train_regression - INFO - Model: lightgbm                  | Train R2:  0.241, Test R2:  0.171 | Test RMSE: 20.183
2026-10-05 09:40:47,834 - src.train_regression - INFO - Best Regression Model: ridge with Test R2: 0.2376
2026-10-05 09:40:48,601 - src.train_regression - INFO - Feature importance plot saved.
2026-10-05 09:40:48,601 - src.train_regression - INFO - Running Feature Scaling Experiment...
2026-10-05 09:40:48,659 - src.train_regression - INFO - Model: Linear Regression (Unscaled) | Train R2:  0.165, Test R2:  0.092 | Test RMSE: 21.121
2026-10-05 09:40:48,728 - src.train_regression - INFO - Model: Linear Regression (Scaled) | Train R2:  0.286, Test R2:  0.236 | Test RMSE: 19.366
2026-10-05 09:40:49,561 - src.train_regression - INFO - Running L1/L2 Regularization Alpha Sweep...
2026-10-05 09:40:52,200 - src.train_regression - INFO - Running Decision Tree Depth Experiment...
2026-10-05 09:40:53,334 - src.train_classification - INFO - Starting Offline Classification Model Training...
2026-10-05 09:40:53,335 - src.train_classification - INFO - Training binary classifier: logistic_regression...
2026-10-05 09:40:53,424 - src.train_classification - INFO - Model: logistic_regression       | Test Acc:  0.926, F1:  0.812, ROC-AUC:  0.971
2026-10-05 09:40:53,428 - src.train_classification - INFO - Training binary classifier: decision_tree...
2026-10-05 09:40:53,524 - src.train_classification - INFO - Model: decision_tree             | Test Acc:  0.896, F1:  0.731, ROC-AUC:  0.877
2026-10-05 09:40:53,526 - src.train_classification - INFO - Training binary classifier: random_forest...
2026-10-05 09:40:53,902 - src.train_classification - INFO - Model: random_forest             | Test Acc:  0.918, F1:  0.778, ROC-AUC:  0.958
2026-10-05 09:40:53,903 - src.train_classification - INFO - Training binary classifier: gradient_boosting...
2026-10-05 09:40:55,473 - src.train_classification - INFO - Model: gradient_boosting         | Test Acc:  0.919, F1:  0.796, ROC-AUC:  0.969
2026-10-05 09:40:55,474 - src.train_classification - INFO - Training binary classifier: xgboost...
2026-10-05 09:40:55,656 - src.train_classification - INFO - Model: xgboost                   | Test Acc:  0.919, F1:  0.792, ROC-AUC:  0.969
2026-10-05 09:40:55,660 - src.train_classification - INFO - Training binary classifier: lightgbm...
2026-10-05 09:40:55,835 - src.train_classification - INFO - Model: lightgbm                  | Test Acc:  0.922, F1:  0.801, ROC-AUC:  0.969
2026-10-05 09:40:55,836 - src.train_classification - INFO - Best Binary Classification Model: logistic_regression with Test F1: 0.8122
2026-10-05 09:40:55,838 - src.train_classification - INFO - Training Multinomial Logistic Regression on 3-class Skip Risk Category...
2026-10-05 09:40:56,032 - src.train_classification - INFO - Multiclass Model: Multinomial Logistic Regression | Test Acc:  0.846, Macro F1:  0.781, Macro AUC:  0.947
2026-10-05 09:40:58,280 - src.train_classification - INFO - Classification Feature importance plot saved.
2026-10-05 09:40:58,281 - src.train_unsupervised - INFO - ==================================================
2026-10-05 09:40:58,282 - src.train_unsupervised - INFO - STARTING MODULE M4: UNSUPERVISED LEARNING PIPELINE
2026-10-05 09:40:58,282 - src.train_unsupervised - INFO - ==================================================
2026-10-05 09:40:58,284 - src.train_unsupervised - INFO - 1. Evaluating K-Means (Lloyd / K-Means++) with Elbow and Silhouette analysis...
2026-10-05 09:41:00,450 - src.train_unsupervised - INFO -    K=2 -> Inertia (WCSS): 43923.0, Silhouette: 0.2137, Calinski-Harabasz: 735.2, Davies-Bouldin: 1.9955
2026-10-05 09:41:00,781 - src.train_unsupervised - INFO -    K=3 -> Inertia (WCSS): 40482.2, Silhouette: 0.1153, Calinski-Harabasz: 568.6, Davies-Bouldin: 2.3655
2026-10-05 09:41:01,133 - src.train_unsupervised - INFO -    K=4 -> Inertia (WCSS): 38119.2, Silhouette: 0.1151, Calinski-Harabasz: 485.0, Davies-Bouldin: 2.1697
2026-10-05 09:41:01,442 - src.train_unsupervised - INFO -    K=5 -> Inertia (WCSS): 35908.3, Silhouette: 0.1192, Calinski-Harabasz: 447.6, Davies-Bouldin: 2.0988
2026-10-05 09:41:01,840 - src.train_unsupervised - INFO -    K=6 -> Inertia (WCSS): 34027.4, Silhouette: 0.1239, Calinski-Harabasz: 421.9, Davies-Bouldin: 1.9817
2026-10-05 09:41:02,238 - src.train_unsupervised - INFO -    K=7 -> Inertia (WCSS): 32308.0, Silhouette: 0.1258, Calinski-Harabasz: 405.6, Davies-Bouldin: 1.8392
2026-10-05 09:41:02,715 - src.train_unsupervised - INFO -    K=8 -> Inertia (WCSS): 30638.0, Silhouette: 0.1273, Calinski-Harabasz: 397.6, Davies-Bouldin: 1.7133
2026-10-05 09:41:03,123 - src.train_unsupervised - INFO -    K=9 -> Inertia (WCSS): 29019.7, Silhouette: 0.1323, Calinski-Harabasz: 395.1, Davies-Bouldin: 1.6842
2026-10-05 09:41:03,597 - src.train_unsupervised - INFO -    K=10 -> Inertia (WCSS): 28134.5, Silhouette: 0.1185, Calinski-Harabasz: 376.1, Davies-Bouldin: 1.7151
2026-10-05 09:41:03,598 - src.train_unsupervised - INFO - Optimal K selected via Silhouette Score: K=2
2026-10-05 09:41:04,064 - src.train_unsupervised - INFO - 2. Computing PCA (Scree Plot & Cumulative Variance)...
2026-10-05 09:41:04,379 - src.train_unsupervised - INFO - 3. Training DBSCAN (Density-Based Spatial Clustering of Applications with Noise)...
2026-10-05 09:41:04,816 - src.train_unsupervised - INFO -    DBSCAN identified 6 dense clusters and 1300 noise points (32.5%)
2026-10-05 09:41:05,244 - src.train_unsupervised - INFO - 4. Computing Hierarchical Agglomerative Clustering (Linkage comparison)...
2026-10-05 09:41:05,556 - src.train_unsupervised - INFO - 5. Training Anomaly Detectors (Isolation Forest & One-Class SVM)...
2026-10-05 09:41:06,118 - src.train_unsupervised - INFO - 6. Computing t-SNE 2D Manifold Embedding...
2026-10-05 09:41:09,251 - src.train_unsupervised - INFO - Module M4 artifacts and metrics saved to: C:\PLAYLIST1\models\unsupervised\unsupervised_metrics.json
2026-10-05 09:41:09,252 - src.evaluation_calibration - INFO - ==================================================
2026-10-05 09:41:09,252 - src.evaluation_calibration - INFO - STARTING MODULE M5: EVALUATION, SELECTION & CALIBRATION
2026-10-05 09:41:09,252 - src.evaluation_calibration - INFO - ==================================================
2026-10-05 09:41:09,254 - src.evaluation_calibration - INFO - 1. Calibrating probabilities (Platt Scaling & Isotonic Regression)...
2026-10-05 09:42:43,935 - __main__ - INFO - ==================================================
2026-10-05 09:42:43,935 - __main__ - INFO - STARTING COMPLETE PLAYLISTPULSE ML PIPELINE (M1 - M5)
2026-10-05 09:42:43,935 - __main__ - INFO - ==================================================
2026-10-05 09:42:43,935 - src.data_preprocessing - INFO - Loading raw data from C:\PLAYLIST1\data\clean_sample.csv...
2026-10-05 09:42:43,953 - src.data_preprocessing - INFO - Raw data loaded with shape: (5000, 23)
2026-10-05 09:42:43,953 - src.data_preprocessing - INFO - Generating synthetic skip behavior proxies...
2026-10-05 09:42:43,960 - src.data_preprocessing - INFO - Generated skip proxies. Value counts for 'skipped':
skipped
0    0.7904
1    0.2096
Name: proportion, dtype: float64
2026-10-05 09:42:43,961 - src.data_preprocessing - INFO - Value counts for 'skip_risk_category':
skip_risk_category
0    0.5578
1    0.3926
2    0.0496
Name: proportion, dtype: float64
2026-10-05 09:42:43,961 - src.data_preprocessing - INFO - Generating EDA plots...
2026-10-05 09:42:45,611 - src.data_preprocessing - INFO - EDA plots saved to static/images.
2026-10-05 09:42:45,696 - src.data_preprocessing - INFO - Split data: Train=4000, Test=1000
2026-10-05 09:42:45,697 - src.data_preprocessing - INFO - Fitting preprocessors on training data...
2026-10-05 09:42:45,700 - src.data_preprocessing - INFO - Scaler fitted and saved.
2026-10-05 09:42:45,703 - src.data_preprocessing - INFO - One-hot encoder fitted and saved.
2026-10-05 09:42:45,718 - src.train_regression - INFO - Starting Offline Regression Model Training...
2026-10-05 09:42:45,719 - src.train_regression - INFO - Training linear_regression...
2026-10-05 09:42:45,765 - src.train_regression - INFO - Model: linear_regression         | Train R2:  0.296, Test R2:  0.187 | Test RMSE: 20.375
2026-10-05 09:42:45,766 - src.train_regression - INFO - Training ridge...
2026-10-05 09:42:45,776 - src.train_regression - INFO - Model: ridge                     | Train R2:  0.296, Test R2:  0.190 | Test RMSE: 20.341
2026-10-05 09:42:45,776 - src.train_regression - INFO - Training lasso...
2026-10-05 09:42:45,790 - src.train_regression - INFO - Model: lasso                     | Train R2:  0.165, Test R2:  0.121 | Test RMSE: 21.185
2026-10-05 09:42:45,790 - src.train_regression - INFO - Training elastic_net...
2026-10-05 09:42:45,806 - src.train_regression - INFO - Model: elastic_net               | Train R2:  0.080, Test R2:  0.059 | Test RMSE: 21.919
2026-10-05 09:42:45,806 - src.train_regression - INFO - Training decision_tree...
2026-10-05 09:42:45,840 - src.train_regression - INFO - Model: decision_tree             | Train R2:  0.090, Test R2:  0.048 | Test RMSE: 22.049
2026-10-05 09:42:45,840 - src.train_regression - INFO - Training random_forest...
2026-10-05 09:42:46,109 - src.train_regression - INFO - Model: random_forest             | Train R2:  0.223, Test R2:  0.096 | Test RMSE: 21.483
2026-10-05 09:42:46,109 - src.train_regression - INFO - Training gradient_boosting...
2026-10-05 09:42:47,168 - src.train_regression - INFO - Model: gradient_boosting         | Train R2:  0.319, Test R2:  0.128 | Test RMSE: 21.105
2026-10-05 09:42:47,169 - src.train_regression - INFO - Training xgboost...
2026-10-05 09:42:49,231 - src.train_regression - INFO - Model: xgboost                   | Train R2:  0.303, Test R2:  0.132 | Test RMSE: 21.055
2026-10-05 09:42:49,231 - src.train_regression - INFO - Training lightgbm...
2026-10-05 09:42:49,283 - src.train_regression - INFO - Model: lightgbm                  | Train R2:  0.236, Test R2:  0.140 | Test RMSE: 20.951
2026-10-05 09:42:49,283 - src.train_regression - INFO - Best Regression Model: ridge with Test R2: 0.1898
2026-10-05 09:42:49,697 - src.train_regression - INFO - Feature importance plot saved.
2026-10-05 09:42:49,697 - src.train_regression - INFO - Running Feature Scaling Experiment...
2026-10-05 09:42:49,743 - src.train_regression - INFO - Model: Linear Regression (Unscaled) | Train R2:  0.165, Test R2:  0.106 | Test RMSE: 21.361
2026-10-05 09:42:49,785 - src.train_regression - INFO - Model: Linear Regression (Scaled) | Train R2:  0.296, Test R2:  0.187 | Test RMSE: 20.375
2026-10-05 09:42:50,292 - src.train_regression - INFO - Running L1/L2 Regularization Alpha Sweep...
2026-10-05 09:42:52,230 - src.train_regression - INFO - Running Decision Tree Depth Experiment...
2026-10-05 09:42:53,197 - src.train_classification - INFO - Starting Offline Classification Model Training...
2026-10-05 09:42:53,197 - src.train_classification - INFO - Training binary classifier: logistic_regression...
2026-10-05 09:42:53,244 - src.train_classification - INFO - Model: logistic_regression       | Test Acc:  0.935, F1:  0.838, ROC-AUC:  0.977
2026-10-05 09:42:53,245 - src.train_classification - INFO - Training binary classifier: decision_tree...
2026-10-05 09:42:53,285 - src.train_classification - INFO - Model: decision_tree             | Test Acc:  0.916, F1:  0.798, ROC-AUC:  0.944
2026-10-05 09:42:53,286 - src.train_classification - INFO - Training binary classifier: random_forest...
2026-10-05 09:42:53,488 - src.train_classification - INFO - Model: random_forest             | Test Acc:  0.923, F1:  0.794, ROC-AUC:  0.964
2026-10-05 09:42:53,489 - src.train_classification - INFO - Training binary classifier: gradient_boosting...
2026-10-05 09:42:54,604 - src.train_classification - INFO - Model: gradient_boosting         | Test Acc:  0.927, F1:  0.821, ROC-AUC:  0.973
2026-10-05 09:42:54,605 - src.train_classification - INFO - Training binary classifier: xgboost...
2026-10-05 09:42:54,705 - src.train_classification - INFO - Model: xgboost                   | Test Acc:  0.930, F1:  0.829, ROC-AUC:  0.971
2026-10-05 09:42:54,707 - src.train_classification - INFO - Training binary classifier: lightgbm...
2026-10-05 09:42:54,833 - src.train_classification - INFO - Model: lightgbm                  | Test Acc:  0.933, F1:  0.836, ROC-AUC:  0.972
2026-10-05 09:42:54,836 - src.train_classification - INFO - Best Binary Classification Model: logistic_regression with Test F1: 0.8379
2026-10-05 09:42:54,838 - src.train_classification - INFO - Training Multinomial Logistic Regression on 3-class Skip Risk Category...
2026-10-05 09:42:54,974 - src.train_classification - INFO - Multiclass Model: Multinomial Logistic Regression | Test Acc:  0.828, Macro F1:  0.779, Macro AUC:  0.943
2026-10-05 09:42:56,099 - src.train_classification - INFO - Classification Feature importance plot saved.
2026-10-05 09:42:56,100 - src.train_unsupervised - INFO - ==================================================
2026-10-05 09:42:56,100 - src.train_unsupervised - INFO - STARTING MODULE M4: UNSUPERVISED LEARNING PIPELINE
2026-10-05 09:42:56,100 - src.train_unsupervised - INFO - ==================================================
2026-10-05 09:42:56,101 - src.train_unsupervised - INFO - 1. Evaluating K-Means (Lloyd / K-Means++) with Elbow and Silhouette analysis...
2026-10-05 09:42:57,779 - src.train_unsupervised - INFO -    K=2 -> Inertia (WCSS): 44060.0, Silhouette: 0.2114, Calinski-Harabasz: 720.5, Davies-Bouldin: 2.0134
2026-10-05 09:42:58,334 - src.train_unsupervised - INFO -    K=3 -> Inertia (WCSS): 40660.6, Silhouette: 0.1153, Calinski-Harabasz: 557.3, Davies-Bouldin: 2.3717
2026-10-05 09:42:58,762 - src.train_unsupervised - INFO -    K=4 -> Inertia (WCSS): 38171.7, Silhouette: 0.1148, Calinski-Harabasz: 482.5, Davies-Bouldin: 2.1721
2026-10-05 09:42:59,077 - src.train_unsupervised - INFO -    K=5 -> Inertia (WCSS): 36048.8, Silhouette: 0.1174, Calinski-Harabasz: 441.9, Davies-Bouldin: 2.1074
2026-10-05 09:42:59,429 - src.train_unsupervised - INFO -    K=6 -> Inertia (WCSS): 34025.4, Silhouette: 0.1233, Calinski-Harabasz: 422.0, Davies-Bouldin: 1.9731
2026-10-05 09:42:59,784 - src.train_unsupervised - INFO -    K=7 -> Inertia (WCSS): 32161.1, Silhouette: 0.1154, Calinski-Harabasz: 410.5, Davies-Bouldin: 1.8543
2026-10-05 09:43:00,152 - src.train_unsupervised - INFO -    K=8 -> Inertia (WCSS): 30550.2, Silhouette: 0.1246, Calinski-Harabasz: 400.4, Davies-Bouldin: 1.7930
2026-10-05 09:43:00,510 - src.train_unsupervised - INFO -    K=9 -> Inertia (WCSS): 29219.0, Silhouette: 0.1274, Calinski-Harabasz: 389.0, Davies-Bouldin: 1.7409
2026-10-05 09:43:00,903 - src.train_unsupervised - INFO -    K=10 -> Inertia (WCSS): 28101.3, Silhouette: 0.1173, Calinski-Harabasz: 377.0, Davies-Bouldin: 1.7182
2026-10-05 09:43:00,903 - src.train_unsupervised - INFO - Optimal K selected via Silhouette Score: K=2
2026-10-05 09:43:01,383 - src.train_unsupervised - INFO - 2. Computing PCA (Scree Plot & Cumulative Variance)...
2026-10-05 09:43:01,637 - src.train_unsupervised - INFO - 3. Training DBSCAN (Density-Based Spatial Clustering of Applications with Noise)...
2026-10-05 09:43:01,966 - src.train_unsupervised - INFO -    DBSCAN identified 6 dense clusters and 1305 noise points (32.6%)
2026-10-05 09:43:02,197 - src.train_unsupervised - INFO - 4. Computing Hierarchical Agglomerative Clustering (Linkage comparison)...
2026-10-05 09:43:02,424 - src.train_unsupervised - INFO - 5. Training Anomaly Detectors (Isolation Forest & One-Class SVM)...
2026-10-05 09:43:02,861 - src.train_unsupervised - INFO - 6. Computing t-SNE 2D Manifold Embedding...
2026-10-05 09:43:05,733 - src.train_unsupervised - INFO - Module M4 artifacts and metrics saved to: C:\PLAYLIST1\models\unsupervised\unsupervised_metrics.json
2026-10-05 09:43:05,734 - src.evaluation_calibration - INFO - ==================================================
2026-10-05 09:43:05,734 - src.evaluation_calibration - INFO - STARTING MODULE M5: EVALUATION, SELECTION & CALIBRATION
2026-10-05 09:43:05,734 - src.evaluation_calibration - INFO - ==================================================
2026-10-05 09:43:05,734 - src.evaluation_calibration - INFO - 1. Calibrating probabilities (Platt Scaling & Isotonic Regression)...
2026-10-05 09:43:10,980 - src.evaluation_calibration - INFO - 2. Evaluating ROC-AUC vs PR-AUC curves...
2026-10-05 09:43:11,351 - src.evaluation_calibration - INFO - 3. Generating Learning & Validation Curves...
2026-10-05 09:43:16,271 - src.evaluation_calibration - INFO - 4. Computing McNemar's Test for Classifier Comparison...
2026-10-05 09:43:16,320 - src.evaluation_calibration - INFO -    McNemar's Test: b=12, c=14 -> Chi2=0.038, p-value=8.44519e-01
2026-10-05 09:43:16,443 - src.evaluation_calibration - INFO - 5. Evaluating Regression Residual Sensitivity (RMSE vs MAE)...
2026-10-05 09:43:16,830 - src.evaluation_calibration - INFO - Module M5 artifacts and calibration metrics saved to: C:\PLAYLIST1\models\calibration\calibration_metrics.json
2026-10-05 09:43:16,833 - __main__ - INFO - ==================================================
2026-10-05 09:43:16,833 - __main__ - INFO - ALL MODULES M1-M5 COMPLETED! Master Summary saved to C:\PLAYLIST1\models\metrics_summary.json
2026-10-05 09:43:16,833 - __main__ - INFO - ==================================================
2026-10-05 09:45:46,572 - app - INFO - Loaded metrics summary successfully.
2026-10-05 09:45:46,573 - app - INFO - Loaded fitted StandardScaler and OneHotEncoder successfully.
2026-10-05 09:45:46,589 - app - INFO - Loaded baseline feature means: {'danceability': 0.56262192, 'energy': 0.64602557308, 'acousticness': 0.31280981499, 'speechiness': 0.08449058}
2026-10-05 09:45:46,594 - app - INFO - Loaded metrics summary successfully.
2026-10-05 09:45:46,645 - app - INFO - Loaded fitted StandardScaler and OneHotEncoder successfully.
2026-10-05 09:45:46,660 - app - INFO - Loaded baseline feature means: {'danceability': 0.56262192, 'energy': 0.64602557308, 'acousticness': 0.31280981499, 'speechiness': 0.08449058}
2026-10-05 09:45:46,743 - app - INFO - Loaded metrics summary successfully.
2026-10-05 09:45:46,744 - app - INFO - Loaded fitted StandardScaler and OneHotEncoder successfully.
2026-10-05 09:45:46,762 - app - INFO - Loaded baseline feature means: {'danceability': 0.56262192, 'energy': 0.64602557308, 'acousticness': 0.31280981499, 'speechiness': 0.08449058}
2026-10-05 09:46:36,820 - __main__ - INFO - Loaded metrics summary successfully.
2026-10-05 09:46:36,821 - __main__ - INFO - Loaded fitted StandardScaler and OneHotEncoder successfully.
2026-10-05 09:46:36,839 - __main__ - INFO - Loaded baseline feature means: {'danceability': 0.56262192, 'energy': 0.64602557308, 'acousticness': 0.31280981499, 'speechiness': 0.08449058}
2026-10-05 09:46:36,841 - __main__ - INFO - Starting PlaylistPulse Flask server on http://127.0.0.1:5000...
2026-10-05 09:46:38,654 - __main__ - INFO - Loaded metrics summary successfully.
2026-10-05 09:46:38,656 - __main__ - INFO - Loaded fitted StandardScaler and OneHotEncoder successfully.
2026-10-05 09:46:38,675 - __main__ - INFO - Loaded baseline feature means: {'danceability': 0.56262192, 'energy': 0.64602557308, 'acousticness': 0.31280981499, 'speechiness': 0.08449058}
2026-10-05 09:46:38,677 - __main__ - INFO - Starting PlaylistPulse Flask server on http://127.0.0.1:5000...
2026-10-05 09:52:24,367 - app - INFO - Loaded metrics summary successfully.
2026-10-05 09:52:24,368 - app - INFO - Loaded fitted StandardScaler and OneHotEncoder successfully.
2026-10-05 09:52:24,384 - app - INFO - Loaded baseline feature means: {'danceability': 0.56262192, 'energy': 0.64602557308, 'acousticness': 0.31280981499, 'speechiness': 0.08449058}
2026-10-05 09:52:24,389 - app - INFO - Loaded metrics summary successfully.
2026-10-05 09:52:24,390 - app - INFO - Loaded fitted StandardScaler and OneHotEncoder successfully.
2026-10-05 09:52:24,407 - app - INFO - Loaded baseline feature means: {'danceability': 0.56262192, 'energy': 0.64602557308, 'acousticness': 0.31280981499, 'speechiness': 0.08449058}
2026-10-05 09:52:24,476 - src.dataset_manager - INFO - Uploaded dataset saved to: C:\PLAYLIST1\data\uploads\20261005_095224_test_upload_dataset.csv
2026-10-05 09:52:24,489 - app - INFO - Loaded metrics summary successfully.
2026-10-05 09:52:24,490 - app - INFO - Loaded fitted StandardScaler and OneHotEncoder successfully.
2026-10-05 09:52:24,506 - app - INFO - Loaded baseline feature means: {'danceability': 0.56262192, 'energy': 0.64602557308, 'acousticness': 0.31280981499, 'speechiness': 0.08449058}
2026-10-05 09:52:24,533 - app - INFO - Loaded metrics summary successfully.
2026-10-05 09:52:24,534 - app - INFO - Loaded fitted StandardScaler and OneHotEncoder successfully.
2026-10-05 09:52:24,550 - app - INFO - Loaded baseline feature means: {'danceability': 0.56262192, 'energy': 0.64602557308, 'acousticness': 0.31280981499, 'speechiness': 0.08449058}
2026-10-05 09:53:28,988 - __main__ - INFO - Loaded metrics summary successfully.
2026-10-05 09:53:28,989 - __main__ - INFO - Loaded fitted StandardScaler and OneHotEncoder successfully.
2026-10-05 09:53:29,006 - __main__ - INFO - Loaded baseline feature means: {'danceability': 0.56262192, 'energy': 0.64602557308, 'acousticness': 0.31280981499, 'speechiness': 0.08449058}
2026-10-05 09:53:29,009 - __main__ - INFO - Starting PlaylistPulse Flask server on http://127.0.0.1:5000...
2026-10-05 09:53:30,902 - __main__ - INFO - Loaded metrics summary successfully.
2026-10-05 09:53:30,903 - __main__ - INFO - Loaded fitted StandardScaler and OneHotEncoder successfully.
2026-10-05 09:53:30,918 - __main__ - INFO - Loaded baseline feature means: {'danceability': 0.56262192, 'energy': 0.64602557308, 'acousticness': 0.31280981499, 'speechiness': 0.08449058}
2026-10-05 09:53:30,920 - __main__ - INFO - Starting PlaylistPulse Flask server on http://127.0.0.1:5000...
2026-10-06 14:13:16,580 - __main__ - INFO - Loaded metrics summary successfully.
2026-10-06 14:13:16,589 - __main__ - INFO - Loaded fitted StandardScaler and OneHotEncoder successfully.
2026-10-06 14:13:16,722 - __main__ - INFO - Loaded baseline feature means: {'danceability': 0.56262192, 'energy': 0.64602557308, 'acousticness': 0.31280981499, 'speechiness': 0.08449058}
2026-10-06 14:13:16,737 - __main__ - INFO - Starting PlaylistPulse Flask server on http://127.0.0.1:5000...
2026-10-06 14:13:22,652 - __main__ - INFO - Loaded metrics summary successfully.
2026-10-06 14:13:22,655 - __main__ - INFO - Loaded fitted StandardScaler and OneHotEncoder successfully.
2026-10-06 14:13:22,712 - __main__ - INFO - Loaded baseline feature means: {'danceability': 0.56262192, 'energy': 0.64602557308, 'acousticness': 0.31280981499, 'speechiness': 0.08449058}
2026-10-06 14:13:22,723 - __main__ - INFO - Starting PlaylistPulse Flask server on http://127.0.0.1:5000...
